// Jest Snapshot v1, https://goo.gl/fbAQLP

exports[`Clock should match snapshot 1`] = `"<div><div><label class=\\"switch\\"><input type=\\"checkbox\\"/><span class=\\"slider round\\"></span></label></div><div><h1><span class=\\"center\\">2:49:38 PM<br/><br/></span></h1></div></div>"`;
